
> personal-website@1.0.0 test:coverage
> vitest run --coverage


 RUN  v3.2.4 /Users/damian/dev/personal-website
      Coverage enabled with v8

 ✓ tests/unit/utils/theme.test.ts (20 tests) 22ms
 ✓ tests/unit/config/constants.test.ts (20 tests) 6ms
 ✓ tests/integration/themePersistence.test.ts (2 tests) 3ms
 ✓ tests/unit/i18n/utils.test.ts (16 tests) 67ms
 ✓ tests/unit/utils/dynamicI18n.test.ts (14 tests) 94ms
 ✓ tests/unit/i18n/strategies/SpanishStrategy.test.ts (3 tests) 2ms
 ✓ tests/unit/stores/appStore.test.ts (11 tests) 11ms
 ✓ tests/unit/i18n/strategies/EnglishStrategy.test.ts (3 tests) 3ms
 ✓ tests/unit/utils/floatingLogos.test.ts (12 tests) 575ms
   ✓ FloatingLogosController > initialization > calculates item depths correctly  452ms
 ❯ tests/unit/utils/dynamicI18n.client.test.ts (10 tests | 4 failed) 606ms
   ✓ DynamicI18n DOM integration > updateSkillsGrid > updates skills container with new skills  323ms
   × DynamicI18n DOM integration > special DOM updates > updates CV link href 83ms
     → expected 'http://localhost/old-cv.pdf' to contain '/cv/Damian_Meroni_CV_ES_I.pdf'
   × DynamicI18n DOM integration > special DOM updates > updates experience dates 40ms
     → expected 'Old Date' to be '2023 - Present' // Object.is equality
   ✓ DynamicI18n DOM integration > special DOM updates > updates link text elements 10ms
   ✓ DynamicI18n DOM integration > special DOM updates > updates button text elements 4ms
   × DynamicI18n DOM integration > special DOM updates > updates document title for different pages 22ms
     → Cannot redefine property: location
   ✓ DynamicI18n DOM integration > special DOM updates > updates html lang attribute 11ms
   ✓ DynamicI18n DOM integration > special DOM updates > updates language switcher state 43ms
   ✓ DynamicI18n DOM integration > special DOM updates > updates navigation links 23ms
   × DynamicI18n DOM integration > special DOM updates > updates dynamic text component data 44ms
     → expected "spy" to be called at least once
 ✓ tests/unit/components/ThemeToggle.test.ts (10 tests) 534ms
   ✓ ThemeToggleController > click handling > toggles theme when button is clicked  366ms
 ✓ tests/unit/utils/themeInit.test.ts (12 tests) 679ms
 ✓ tests/unit/i18n/strategies/LanguageStrategyFactory.test.ts (6 tests) 7ms
 ✓ tests/unit/data/social.test.ts (13 tests) 6ms
 ✓ tests/unit/data/projects.test.ts (14 tests) 5ms

 Test Files  1 failed | 14 passed (15)
      Tests  4 failed | 162 passed (166)
   Start at  07:44:54
   Duration  3.26s (transform 472ms, setup 512ms, collect 4.71s, tests 2.62s, environment 7.20s, prepare 2.46s)

